#-----------------------------------------------------------
# Vivado v2024.1 (64-bit)
# SW Build 5076996 on Wed May 22 18:37:14 MDT 2024
# IP Build 5075265 on Wed May 22 21:45:21 MDT 2024
# SharedData Build 5076995 on Wed May 22 18:29:18 MDT 2024
# Start of session at: Tue Aug 27 01:02:15 2024
# Process ID: 15424
# Current directory: D:/Vivado/ExampleCPUSyntesized/ExampleCPUSyntesized.runs/impl_1
# Command line: vivado.exe -log top.vdi -applog -product Vivado -messageDb vivado.pb -mode batch -source top.tcl -notrace
# Log file: D:/Vivado/ExampleCPUSyntesized/ExampleCPUSyntesized.runs/impl_1/top.vdi
# Journal file: D:/Vivado/ExampleCPUSyntesized/ExampleCPUSyntesized.runs/impl_1\vivado.jou
# Running On        :Nicks-PC
# Platform          :Windows Server 2016 or Windows 10
# Operating System  :22631
# Processor Detail  :Intel(R) Core(TM) i7-8700K CPU @ 3.70GHz
# CPU Frequency     :3696 MHz
# CPU Physical cores:6
# CPU Logical cores :12
# Host memory       :51478 MB
# Swap memory       :3221 MB
# Total Virtual     :54700 MB
# Available Virtual :28653 MB
#-----------------------------------------------------------
source top.tcl -notrace
